[BUILD] rust ...
[BUILD] moonbit ...
[RUN] rust n=18
[RUN] moonbit n=18
[RUN] rust n=20
[RUN] moonbit n=20
[RUN] rust n=22
[RUN] moonbit n=22

==========================================================================================
Benchmark Summary (execution time in ms)
==========================================================================================
Program                Input   Runs      Fastest      Slowest       Median      Average
---------------------------------------------------------------------------------------
rust                      18     10    12.305 ms    14.884 ms    13.092 ms    13.253 ms
moonbit                   18     10    16.437 ms    20.100 ms    17.336 ms    17.489 ms
---------------------------------------------------------------------------------------
rust                      20     10    50.545 ms    57.984 ms    53.822 ms    53.839 ms
moonbit                   20     10    73.699 ms    79.279 ms    74.935 ms    75.528 ms
---------------------------------------------------------------------------------------
rust                      22     10   221.613 ms   242.581 ms   228.043 ms   230.449 ms
moonbit                   22     10   320.615 ms   357.944 ms   328.468 ms   330.944 ms
==========================================================================================

[INFO] Saved average line chart to bench_avg.png
